ESP-ROM:esp32c3-eco7-20230720
Build:Jul 20 2023
rst:0x1 (POWERON),boot:0xf (SPI_FAST_FLASH_BOOT)
SPIWP:0xee
mode:DIO, clock div:1
load:0x3fcd5820,len:0x1820
load:0x403cc710,len:0xbcc
load:0x403ce710,len:0x2f5c
entry 0x403cc71a
[0;32mI (31) boot: ESP-IDF v5.3.2-dirty 2nd stage bootloader[0m
[0;32mI (31) boot: compile time Jan 20 2025 13:19:47[0m
[0;32mI (31) boot: chip revision: v1.1[0m
[0;32mI (35) boot: efuse block revision: v1.3[0m
[0;32mI (39) boot.esp32c3: SPI Speed      : 80MHz[0m
[0;32mI (44) boot.esp32c3: SPI Mode       : DIO[0m
[0;32mI (49) boot.esp32c3: SPI Flash Size : 2MB[0m
[0;32mI (53) boot: Enabling RNG early entropy source...[0m
[0;32mI (59) boot: Partition Table:[0m
[0;32mI (62) boot: ## Label            Usage          Type ST Offset   Length[0m
[0;32mI (70) boot:  0 nvs              WiFi data        01 02 00009000 00006000[0m
[0;32mI (77) boot:  1 phy_init         RF data          01 01 0000f000 00001000[0m
[0;32mI (85) boot:  2 factory          factory app      00 00 00010000 00100000[0m
[0;32mI (92) boot: End of partition table[0m
[0;32mI (96) esp_image: segment 0: paddr=00010020 vaddr=3c020020 size=0c130h ( 49456) map[0m
[0;32mI (113) esp_image: segment 1: paddr=0001c158 vaddr=3fc8da00 size=01c94h (  7316) load[0m
[0;32mI (115) esp_image: segment 2: paddr=0001ddf4 vaddr=40380000 size=02224h (  8740) load[0m
[0;32mI (123) esp_image: segment 3: paddr=00020020 vaddr=42000020 size=1fccch (130252) map[0m
[0;32mI (151) esp_image: segment 4: paddr=0003fcf4 vaddr=40382224 size=0b6b8h ( 46776) load[0m
[0;32mI (164) boot: Loaded app from partition at offset 0x10000[0m
[0;32mI (164) boot: Disabling RNG early entropy source...[0m
[0;32mI (176) cpu_start: Unicore app[0m
[0;32mI (184) cpu_start: Pro cpu start user code[0m
[0;32mI (184) cpu_start: cpu freq: 160000000 Hz[0m
[0;32mI (184) app_init: Application information:[0m
[0;32mI (187) app_init: Project name:     plant-project[0m
[0;32mI (193) app_init: App version:      5f97bcf-dirty[0m
[0;32mI (198) app_init: Compile time:     Jan 20 2025 13:19:41[0m
[0;32mI (204) app_init: ELF file SHA256:  76be2f43d...[0m
[0;32mI (209) app_init: ESP-IDF:          v5.3.2-dirty[0m
[0;32mI (215) efuse_init: Min chip rev:     v0.3[0m
[0;32mI (219) efuse_init: Max chip rev:     v1.99 [0m
[0;32mI (224) efuse_init: Chip rev:         v1.1[0m
[0;32mI (229) heap_init: Initializing. RAM available for dynamic allocation:[0m
[0;32mI (236) heap_init: At 3FC90A70 len 0002F590 (189 KiB): RAM[0m
[0;32mI (243) heap_init: At 3FCC0000 len 0001C710 (113 KiB): Retention RAM[0m
[0;32mI (250) heap_init: At 3FCDC710 len 0000294C (10 KiB): Retention RAM[0m
[0;32mI (257) heap_init: At 50000200 len 00001DE8 (7 KiB): RTCRAM[0m
[0;32mI (264) spi_flash: detected chip: generic[0m
[0;32mI (267) spi_flash: flash io: dio[0m
[0;33mW (271) spi_flash: Detected size(4096k) larger than the size in the binary image header(2048k). Using the size in the binary image header.[0m
[0;33mW (285) i2c: This driver is an old driver, please migrate your application code to adapt `driver/i2c_master.h`[0m
[0;33mW (295) ADC: legacy driver is deprecated, please migrate to `esp_adc/adc_oneshot.h`[0m
[0;32mI (304) sleep: Configure to isolate all GPIO pins in sleep state[0m
[0;32mI (310) sleep: Enable automatic switching of GPIO sleep configuration[0m
[0;32mI (318) main_task: Started on CPU0[0m
[0;32mI (318) main_task: Calling app_main()[0m
[0;32mI (318) gpio: GPIO[8]| InputEn: 0| OutputEn: 1| OpenDrain: 0| Pullup: 1| Pulldown: 1| Intr:0 [0m
[0;32mI (328) gpio: GPIO[0]| InputEn: 0| OutputEn: 0| OpenDrain: 0| Pullup: 0| Pulldown: 0| Intr:0 [0m
[0;32mI (838) SSD1306: OLED configured successfully[0m
[0;32mI (1098) gpio: GPIO[1]| InputEn: 0| OutputEn: 1| OpenDrain: 0| Pullup: 0| Pulldown: 1| Intr:0 [0m
[0;32mI (1098) gpio: GPIO[18]| InputEn: 1| OutputEn: 0| OpenDrain: 0| Pullup: 1| Pulldown: 1| Intr:2 [0m
[0;32mI (1098) main_task: Returned from app_main()[0m
